Microchip MPLAB XC8 Compiler V2.32

Linker command line:

-W-3 --edf=C:\Program Files\Microchip\xc8\v2.32\pic\dat\en_msgs.txt -cn \
  -h+dist/default/production\PQDBLab13.X.production.sym \
  --cmf=dist/default/production\PQDBLab13.X.production.cmf -z -w9 \
  --disl=596:off --norlf -Q18F4520 \
  -oC:\Users\gkc29\AppData\Local\Temp\xcAs850.4 --defsym=__MPLAB_BUILD=1 \
  -Mdist/default/production/PQDBLab13.X.production.map -E1 \
  -ver=XC8 Compiler --acfsm=1493 -ACODE=00h-07FFFh -ACONST=00h-07FFFh \
  -ASMALLCONST=0600h-06FFhx122 -AMEDIUMCONST=0600h-07FFFh -ACOMRAM=01h-07Fh \
  -AABS1=00h-05FFh -ABIGRAM=01h-05FFh -ARAM=080h-0FFh,0100h-01FFhx5 \
  -ABANK0=080h-0FFh -ABANK1=0100h-01FFh -ABANK2=0200h-02FFh \
  -ABANK3=0300h-03FFh -ABANK4=0400h-04FFh -ABANK5=0500h-05FFh \
  -ASFR=0F80h-0FFFh -ACONFIG=0300000h-030000Dh -AIDLOC=0200000h-0200007h \
  -AEEDATA=0F00000h-0F000FFh -peeprom_data=EEDATA \
  -preset_vec=00h,intcode,intcodelo,powerup,init -pramtop=0600h \
  -psmallconst=SMALLCONST -pmediumconst=MEDIUMCONST -pconst=CONST \
  -AFARRAM=00h-00h \
  -prdata=COMRAM,nvrram=COMRAM,nvbit=COMRAM,rbss=COMRAM,rbit=COMRAM \
  -pfarbss=FARRAM,fardata=FARRAM,nvFARRAM=FARRAM \
  -pintsave_regs=BIGRAM,bigbss=BIGRAM,bigdata=BIGRAM -pbss=RAM \
  -pidata=CODE,irdata=CODE,ibigdata=CODE,ifardata=CODE \
  C:\Users\gkc29\AppData\Local\Temp\xcAs850.o \
  dist/default/production\PQDBLab13.X.production.o 

Object code version is 3.11

Machine type is 18F4520



                Name                               Link     Load   Length Selector   Space Scale
C:\Users\gkc29\AppData\Local\Temp\xcAs850.o
                idloc                            200000   200000        8        0       5
                config                           300000   300000        E        0       4
                init                                  0        0        4        0       0
dist/default/production\PQDBLab13.X.production.o
                idloc                            200000   200000        8        0       5
                config                           300000   300000        E        0       4
                smallconst                          600      600       14      300       0
                text5                               7E0      7E0      108      30A       0
                text4                               9C8      9C8       C4      30A       0
                text3                               B42      B42       B0      30A       0
                text2                               A8C      A8C       B6      30A       0
                text1                               614      614      1CC      30A       0
                text0                               8E8      8E8       E0      30A       0
                cstackCOMRAM                          1        1       14        1       1
                dataCOMRAM                           19       19        1        1       1
                bssCOMRAM                            15       15        4        1       1
                cinit                               BF2      BF2       24      30A       0
                idataCOMRAM                         C16      C16        1      30A       0

TOTAL           Name                               Link     Load   Length     Space
        CLASS   CODE           
                init                                  0        0        4         0
                text5                               7E0      7E0      108         0
                text4                               9C8      9C8       C4         0
                text3                               B42      B42       B0         0
                text2                               A8C      A8C       B6         0
                text1                               614      614      1CC         0
                text0                               8E8      8E8       E0         0
                cinit                               BF2      BF2       24         0
                idataCOMRAM                         C16      C16        1         0

        CLASS   CONST          

        CLASS   SMALLCONST     
                smallconst                          600      600       14         0

        CLASS   MEDIUMCONST    

        CLASS   COMRAM         
                cstackCOMRAM                          1        1       14         1
                dataCOMRAM                           19       19        1         1
                bssCOMRAM                            15       15        4         1

        CLASS   ABS1           

        CLASS   BIGRAM         

        CLASS   RAM            

        CLASS   BANK0          

        CLASS   BANK1          

        CLASS   BANK2          

        CLASS   BANK3          

        CLASS   BANK4          

        CLASS   BANK5          

        CLASS   SFR            

        CLASS   CONFIG         
                config                           300000   300000        E         4

        CLASS   IDLOC          
                idloc                            200000   200000        8         5

        CLASS   EEDATA         

        CLASS   FARRAM         

        CLASS   STACK          



SEGMENTS        Name                           Load    Length   Top    Selector   Space  Class

                reset_vec                      000000  000004  000004         0       0  CODE    
                cstackCOMRAM                   000001  000019  00001A         1       1  COMRAM  
                smallconst                     000600  000014  000614       300       0  SMALLCON
                text1                          000614  000603  000C17       30A       0  CODE    


UNUSED ADDRESS RANGES

        Name                Unused          Largest block    Delta
        BANK0            000080-0000FF               80
        BANK1            000100-0001FF              100
        BANK2            000200-0002FF              100
        BANK3            000300-0003FF              100
        BANK4            000400-0004FF              100
        BANK5            000500-0005FF              100
        BIGRAM           00001A-0005FF              5E6
        CODE             000004-0005FF              5FC
                         000C17-007FFF             73E9
        COMRAM           00001A-00007F               66
        CONST            000004-0005FF              5FC
                         000C17-007FFF             73E9
        EEDATA           F00000-F000FF              100
        MEDIUMCONST      000C17-007FFF             73E9
        RAM              000080-0005FF              100
        SFR              000F80-000FFF               80
        SMALLCONST       000C17-007FFF              100

                                  Symbol Table

__HRAM                   (abs)        000000
__Habs1                  abs1         000000
__Hbank0                 bank0        000000
__Hbank1                 bank1        000000
__Hbank2                 bank2        000000
__Hbank3                 bank3        000000
__Hbank4                 bank4        000000
__Hbank5                 bank5        000000
__Hbigbss                bigbss       000000
__Hbigdata               bigdata      000000
__Hbigram                bigram       000000
__Hbss                   bss          000000
__HbssCOMRAM             bssCOMRAM    000000
__Hcinit                 cinit        000000
__Hclrtext               clrtext      000000
__Hcomram                comram       000000
__Hconst                 const        000000
__HcstackCOMRAM          cstackCOMRAM 000000
__Hdata                  data         000000
__HdataCOMRAM            dataCOMRAM   000000
__Heeprom_data           eeprom_data  000000
__Hfarbss                farbss       000000
__Hfardata               fardata      000000
__Hibigdata              ibigdata     000000
__Hidata                 idata        000000
__HidataCOMRAM           idataCOMRAM  000000
__Hifardata              ifardata     000000
__Hintcode               intcode      000000
__Hintcode_body          intcode_body 000000
__Hintcodelo             intcodelo    000000
__Hintentry              intentry     000000
__Hintret                intret       000000
__Hintsave_regs          intsave_regs 000000
__Hirdata                irdata       000000
__Hmediumconst           mediumconst  000000
__HnvFARRAM              nvFARRAM     000000
__Hnvbit                 nvbit        000000
__Hnvrram                nvrram       000000
__Hparam                 rparam       000000
__Hpowerup               powerup      000000
__Hram                   ram          000000
__Hrbit                  rbit         000000
__Hrbss                  rbss         000000
__Hrdata                 rdata        000000
__Hreset_vec             reset_vec    000000
__Hrparam                rparam       000000
__Hsfr                   sfr          000000
__Hspace_2               (abs)        000000
__Hstack                 stack        000000
__Hstruct                struct       000000
__Htemp                  temp         000000
__Htext                  text         000000
__Htext0                 text0        000000
__Htext1                 text1        000000
__Htext2                 text2        000000
__Htext3                 text3        000000
__Htext4                 text4        000000
__Htext5                 text5        000000
__Labs1                  abs1         000000
__Lbank0                 bank0        000000
__Lbank1                 bank1        000000
__Lbank2                 bank2        000000
__Lbank3                 bank3        000000
__Lbank4                 bank4        000000
__Lbank5                 bank5        000000
__Lbigbss                bigbss       000000
__Lbigdata               bigdata      000000
__Lbigram                bigram       000000
__Lbss                   bss          000000
__LbssCOMRAM             bssCOMRAM    000000
__Lcinit                 cinit        000000
__Lclrtext               clrtext      000000
__Lcomram                comram       000000
__Lconfig                config       000000
__Lconst                 const        000000
__LcstackCOMRAM          cstackCOMRAM 000000
__Ldata                  data         000000
__LdataCOMRAM            dataCOMRAM   000000
__Leeprom_data           eeprom_data  000000
__Lfarbss                farbss       000000
__Lfardata               fardata      000000
__Libigdata              ibigdata     000000
__Lidata                 idata        000000
__LidataCOMRAM           idataCOMRAM  000000
__Lidloc                 idloc        000000
__Lifardata              ifardata     000000
__Linit                  init         000000
__Lintcode               intcode      000000
__Lintcode_body          intcode_body 000000
__Lintcodelo             intcodelo    000000
__Lintentry              intentry     000000
__Lintret                intret       000000
__Lintsave_regs          intsave_regs 000000
__Lirdata                irdata       000000
__Lmediumconst           mediumconst  000000
__LnvFARRAM              nvFARRAM     000000
__Lnvbit                 nvbit        000000
__Lnvrram                nvrram       000000
__Lparam                 rparam       000000
__Lpowerup               powerup      000000
__Lram                   ram          000000
__Lrbit                  rbit         000000
__Lrbss                  rbss         000000
__Lrdata                 rdata        000000
__Lreset_vec             reset_vec    000000
__Lrparam                rparam       000000
__Lsfr                   sfr          000000
__Lspace_0               (abs)        000000
__Lspace_1               (abs)        000000
__Lspace_2               (abs)        000000
__Lspace_4               (abs)        000000
__Lstack                 stack        000000
__Lstruct                struct       000000
__Ltemp                  temp         000000
__Ltext                  text         000000
__Ltext0                 text0        000000
__Ltext1                 text1        000000
__Ltext2                 text2        000000
__Ltext3                 text3        000000
__Ltext4                 text4        000000
__Ltext5                 text5        000000
__S4                     (abs)        000000
__S5                     (abs)        000000
___inthi_sp              stack        000000
___intlo_sp              stack        000000
___param_bank            (abs)        000000
___sp                    stack        000000
__mediumconst            mediumconst  000000
__size_of_LeTeclado      (abs)        000000
__size_of_MostraDisplay  (abs)        000000
__size_of_Serial         (abs)        000000
__size_of___awdiv        (abs)        000000
__size_of___awmod        (abs)        000000
__size_of_main           (abs)        000000
_adcInit                                    
_adcRead                                    
_kpDebounce                                 
_kpInit                                     
_kpRead                                     
_kpReadKey                                  
_lcdCommand                                 
_lcdInit                                    
_lcdString                                  
_serialInit                                 
_serialRead                                 
_serialSend                                 
_ssdDigit                                   
_ssdInit                                    
_ssdUpdate                                  
_timerInit                                  
_timerReset                                 
_timerWait                                  
intlevel0                text         000000
intlevel1                text         000000
intlevel2                text         000000
intlevel3                text         000000
isa$xinst                (abs)        000000
stackhi                  (abs)        000000
stacklo                  (abs)        000000
start                    init         000000
?___awdiv                cstackCOMRAM 000001
__LRAM                   (abs)        000001
___awdiv@dividend        cstackCOMRAM 000001
___rparam_used           (abs)        000001
__pcstackCOMRAM          cstackCOMRAM 000001
_adcRead$0               cstackCOMRAM 000001
_lcdString$0             cstackCOMRAM 000001
_ssdDigit$1              cstackCOMRAM 000001
_timerReset$0            cstackCOMRAM 000001
isa$std                  (abs)        000001
__activetblptr           (abs)        000002
___awdiv@divisor         cstackCOMRAM 000003
__Hinit                  init         000004
___awdiv@counter         cstackCOMRAM 000005
___awdiv@sign            cstackCOMRAM 000006
___awdiv@quotient        cstackCOMRAM 000007
?___awmod                cstackCOMRAM 000009
___awmod@dividend        cstackCOMRAM 000009
___awmod@divisor         cstackCOMRAM 00000B
___awmod@counter         cstackCOMRAM 00000D
___awmod@sign            cstackCOMRAM 00000E
Serial@Tecla             cstackCOMRAM 000011
main@slot                cstackCOMRAM 000014
_Leitura                 bssCOMRAM    000015
__pbssCOMRAM             bssCOMRAM    000015
_ValorAD                 bssCOMRAM    000017
_Flag                    dataCOMRAM   000019
__pdataCOMRAM            dataCOMRAM   000019
__Hspace_1               (abs)        00001A
__S1                     (abs)        00001A
__accesstop              (abs)        000080
__Hramtop                ramtop       000600
__Lramtop                ramtop       000600
__Lsmallconst            smallconst   000600
__psmallconst            smallconst   000600
__ramtop                 ramtop       000600
__smallconst             smallconst   000600
_Serial                  text1        000614
__Hsmallconst            smallconst   000614
__ptext1                 text1        000614
_LeTeclado               text5        0007E0
__end_of_Serial          text1        0007E0
__ptext5                 text5        0007E0
__end_of_LeTeclado       text5        0008E8
__ptext0                 text0        0008E8
_main                    text0        0008E8
___awdiv                 text4        0009C8
__end_of_main            text0        0009C8
__ptext4                 text4        0009C8
_MostraDisplay           text2        000A8C
__end_of___awdiv         text4        000A8C
__ptext2                 text2        000A8C
___awmod                 text3        000B42
__end_of_MostraDisplay   text2        000B42
__ptext3                 text3        000B42
__end_of___awmod         text3        000BF2
__initialization         cinit        000BF2
__pcinit                 cinit        000BF2
__end_of__initialization cinit        000C0C
__pidataCOMRAM           idataCOMRAM  000C16
__Hspace_0               (abs)        000C17
__S0                     (abs)        000C17
__Hidloc                 idloc        200008
__Hconfig                config       30000E
__Hspace_4               (abs)        60000E
end_of_initialization    cinit        000C0C
start_initialization     cinit        000BF2
